exports[`Dropdown renders correctly 1`] = `
Object {
  "child": Array [
    Object {
      "node": "element",
      "tag": "button",
    },
  ],
  "node": "root",
}
`;
